[SWMadagascar_Climate_Data_pipeline] [INFO] [2026-03-11 15:43:48]: Running SWMadagascar_Climate_Data_pipeline...
[SWMadagascar_Climate_Data_pipeline] [INFO] [2026-03-11 15:43:48]: Invalidating weather_data_update target to trigger pipeline rerun...
[SWMadagascar_Climate_Data_pipeline] [INFO] [2026-03-11 15:43:48]: Running targets pipeline...
[SWMadagascar_Climate_Data_pipeline] [INFO] [2026-03-11 15:44:00]: SWMadagascar_Climate_Data_pipeline completed.
[SWMadagascar_Climate_Data_pipeline] [INFO] [2026-03-11 15:49:13]: [K
[SWMadagascar_Climate_Data_pipeline] [INFO] [2026-03-11 15:49:13]: [36mℹ[39m Running SWMadagascar_Climate_Data_pipeline...
[SWMadagascar_Climate_Data_pipeline] [INFO] [2026-03-11 15:49:13]: [36mℹ[39m [34mSWMadagascar_Climate_Data_pipeline[39m
[SWMadagascar_Climate_Data_pipeline] [INFO] [2026-03-11 15:49:13]: [K
[SWMadagascar_Climate_Data_pipeline] [INFO] [2026-03-11 15:49:13]: [33m![39m Invalidating weather_data_update target to trigger pipeline rerun...
[SWMadagascar_Climate_Data_pipeline] [INFO] [2026-03-11 15:49:13]: [36mℹ[39m [34mSWMadagascar_Climate_Data_pipeline[39m
[SWMadagascar_Climate_Data_pipeline] [INFO] [2026-03-11 15:49:14]: [K
[SWMadagascar_Climate_Data_pipeline] [INFO] [2026-03-11 15:49:14]: [36mℹ[39m Running targets pipeline for Ambient Weather Sensors...
[SWMadagascar_Climate_Data_pipeline] [INFO] [2026-03-11 15:49:14]: [36mℹ[39m [34mSWMadagascar_Climate_Data_pipeline[39m
[SWMadagascar_Climate_Data_pipeline] [INFO] [2026-03-11 15:49:29]: [K
[SWMadagascar_Climate_Data_pipeline] [INFO] [2026-03-11 15:49:29]: [32m✔[39m Ambient Weather Sensors pipeline completed.
[SWMadagascar_Climate_Data_pipeline] [INFO] [2026-03-11 15:49:29]: [36mℹ[39m [34mSWMadagascar_Climate_Data_pipeline[39m
[SWMadagascar_Climate_Data_pipeline] [INFO] [2026-03-11 15:49:29]: [K
[SWMadagascar_Climate_Data_pipeline] [INFO] [2026-03-11 15:49:29]: [36mℹ[39m Updating Raw File List...
[SWMadagascar_Climate_Data_pipeline] [INFO] [2026-03-11 15:49:29]: [36mℹ[39m [34mSWMadagascar_Climate_Data_pipeline[39m
[SWMadagascar_Climate_Data_pipeline] [INFO] [2026-03-11 15:49:36]: [K
[SWMadagascar_Climate_Data_pipeline] [INFO] [2026-03-11 15:49:36]: [32m✔[39m SWMadagascar_Climate_Data_pipeline completed.
[SWMadagascar_Climate_Data_pipeline] [INFO] [2026-03-11 15:49:36]: [36mℹ[39m [34mSWMadagascar_Climate_Data_pipeline[39m
[SWMadagascar_Climate_Data_pipeline] [INFO] [2026-03-11 19:54:25]: [K
[SWMadagascar_Climate_Data_pipeline] [INFO] [2026-03-11 19:54:25]: [36mℹ[39m Running SWMadagascar_Climate_Data_pipeline...
[SWMadagascar_Climate_Data_pipeline] [INFO] [2026-03-11 19:54:25]: [36mℹ[39m [34mSWMadagascar_Climate_Data_pipeline[39m
[SWMadagascar_Climate_Data_pipeline] [INFO] [2026-03-11 19:54:25]: [K
[SWMadagascar_Climate_Data_pipeline] [INFO] [2026-03-11 19:54:25]: [33m![39m Invalidating weather_data_update target to trigger pipeline rerun...
[SWMadagascar_Climate_Data_pipeline] [INFO] [2026-03-11 19:54:25]: [36mℹ[39m [34mSWMadagascar_Climate_Data_pipeline[39m
[SWMadagascar_Climate_Data_pipeline] [INFO] [2026-03-11 19:54:26]: [K
[SWMadagascar_Climate_Data_pipeline] [INFO] [2026-03-11 19:54:26]: [36mℹ[39m Running targets pipeline for Ambient Weather Sensors...
[SWMadagascar_Climate_Data_pipeline] [INFO] [2026-03-11 19:54:26]: [36mℹ[39m [34mSWMadagascar_Climate_Data_pipeline[39m
[SWMadagascar_Climate_Data_pipeline] [INFO] [2026-03-11 19:54:39]: [K
[SWMadagascar_Climate_Data_pipeline] [INFO] [2026-03-11 19:54:39]: [32m✔[39m Ambient Weather Sensors pipeline completed.
[SWMadagascar_Climate_Data_pipeline] [INFO] [2026-03-11 19:54:39]: [36mℹ[39m [34mSWMadagascar_Climate_Data_pipeline[39m
[SWMadagascar_Climate_Data_pipeline] [INFO] [2026-03-11 19:54:39]: [K
[SWMadagascar_Climate_Data_pipeline] [INFO] [2026-03-11 19:54:39]: [36mℹ[39m Updating Raw File List...
[SWMadagascar_Climate_Data_pipeline] [INFO] [2026-03-11 19:54:39]: [36mℹ[39m [34mSWMadagascar_Climate_Data_pipeline[39m
[SWMadagascar_Climate_Data_pipeline] [INFO] [2026-03-11 19:54:46]: [K
[SWMadagascar_Climate_Data_pipeline] [INFO] [2026-03-11 19:54:46]: [32m✔[39m SWMadagascar_Climate_Data_pipeline completed.
[SWMadagascar_Climate_Data_pipeline] [INFO] [2026-03-11 19:54:46]: [36mℹ[39m [34mSWMadagascar_Climate_Data_pipeline[39m
[SWMadagascar_Climate_Data_pipeline] [INFO] [2026-03-12 13:35:32]: ℹ Running SWMadagascar_Climate_Data_pipeline...
[SWMadagascar_Climate_Data_pipeline] [INFO] [2026-03-12 13:35:32]: ℹ SWMadagascar_Climate_Data_pipeline
[SWMadagascar_Climate_Data_pipeline] [INFO] [2026-03-12 13:35:32]: ! Invalidating weather_data_update target to trigger pipeline rerun...
[SWMadagascar_Climate_Data_pipeline] [INFO] [2026-03-12 13:35:32]: ℹ SWMadagascar_Climate_Data_pipeline
[SWMadagascar_Climate_Data_pipeline] [INFO] [2026-03-12 13:35:34]: ℹ Running targets pipeline for Ambient Weather Sensors...
[SWMadagascar_Climate_Data_pipeline] [INFO] [2026-03-12 13:35:34]: ℹ SWMadagascar_Climate_Data_pipeline
[SWMadagascar_Climate_Data_pipeline] [INFO] [2026-03-12 13:35:59]: ✔ Ambient Weather Sensors pipeline completed.
[SWMadagascar_Climate_Data_pipeline] [INFO] [2026-03-12 13:35:59]: ℹ SWMadagascar_Climate_Data_pipeline
[SWMadagascar_Climate_Data_pipeline] [INFO] [2026-03-12 13:35:59]: ℹ Updating Raw File List...
[SWMadagascar_Climate_Data_pipeline] [INFO] [2026-03-12 13:35:59]: ℹ SWMadagascar_Climate_Data_pipeline
[SWMadagascar_Climate_Data_pipeline] [INFO] [2026-03-12 13:36:14]: ✔ SWMadagascar_Climate_Data_pipeline completed.
[SWMadagascar_Climate_Data_pipeline] [INFO] [2026-03-12 13:36:14]: ℹ SWMadagascar_Climate_Data_pipeline
[SWMadagascar_Climate_Data_pipeline] [INFO] [2026-03-12 13:40:24]: ℹ Running SWMadagascar_Climate_Data_pipeline...
[SWMadagascar_Climate_Data_pipeline] [INFO] [2026-03-12 13:40:24]: ℹ SWMadagascar_Climate_Data_pipeline
[SWMadagascar_Climate_Data_pipeline] [INFO] [2026-03-12 13:40:24]: ! Invalidating weather_data_update target to trigger pipeline rerun...
[SWMadagascar_Climate_Data_pipeline] [INFO] [2026-03-12 13:40:24]: ℹ SWMadagascar_Climate_Data_pipeline
[SWMadagascar_Climate_Data_pipeline] [INFO] [2026-03-12 13:40:25]: ℹ Running targets pipeline for Ambient Weather Sensors...
[SWMadagascar_Climate_Data_pipeline] [INFO] [2026-03-12 13:40:25]: ℹ SWMadagascar_Climate_Data_pipeline
[SWMadagascar_Climate_Data_pipeline] [INFO] [2026-03-12 13:40:40]: ✔ Ambient Weather Sensors pipeline completed.
[SWMadagascar_Climate_Data_pipeline] [INFO] [2026-03-12 13:40:40]: ℹ SWMadagascar_Climate_Data_pipeline
[SWMadagascar_Climate_Data_pipeline] [INFO] [2026-03-12 13:40:40]: ℹ Updating Raw File List...
[SWMadagascar_Climate_Data_pipeline] [INFO] [2026-03-12 13:40:41]: ℹ SWMadagascar_Climate_Data_pipeline
[SWMadagascar_Climate_Data_pipeline] [INFO] [2026-03-12 13:40:52]: ✔ SWMadagascar_Climate_Data_pipeline completed.
[SWMadagascar_Climate_Data_pipeline] [INFO] [2026-03-12 13:40:52]: ℹ SWMadagascar_Climate_Data_pipeline
[SWMadagascar_Climate_Data_pipeline] [INFO] [2026-03-12 13:45:22]: ℹ Running SWMadagascar_Climate_Data_pipeline...
[SWMadagascar_Climate_Data_pipeline] [INFO] [2026-03-12 13:45:22]: ℹ SWMadagascar_Climate_Data_pipeline
[SWMadagascar_Climate_Data_pipeline] [INFO] [2026-03-12 13:45:22]: ! Invalidating weather_data_update target to trigger pipeline rerun...
[SWMadagascar_Climate_Data_pipeline] [INFO] [2026-03-12 13:45:23]: ℹ SWMadagascar_Climate_Data_pipeline
[SWMadagascar_Climate_Data_pipeline] [INFO] [2026-03-12 13:45:23]: ℹ Running targets pipeline for Ambient Weather Sensors...
[SWMadagascar_Climate_Data_pipeline] [INFO] [2026-03-12 13:45:23]: ℹ SWMadagascar_Climate_Data_pipeline
[SWMadagascar_Climate_Data_pipeline] [INFO] [2026-03-12 13:45:39]: ✔ Ambient Weather Sensors pipeline completed.
[SWMadagascar_Climate_Data_pipeline] [INFO] [2026-03-12 13:45:39]: ℹ SWMadagascar_Climate_Data_pipeline
[SWMadagascar_Climate_Data_pipeline] [INFO] [2026-03-12 13:45:39]: ℹ Updating Raw File List...
[SWMadagascar_Climate_Data_pipeline] [INFO] [2026-03-12 13:45:39]: ℹ SWMadagascar_Climate_Data_pipeline
[SWMadagascar_Climate_Data_pipeline] [INFO] [2026-03-12 13:45:50]: ✔ SWMadagascar_Climate_Data_pipeline completed.
[SWMadagascar_Climate_Data_pipeline] [INFO] [2026-03-12 13:45:50]: ℹ SWMadagascar_Climate_Data_pipeline
[SWMadagascar_Climate_Data_pipeline] [INFO] [2026-03-12 13:50:21]: ℹ Running SWMadagascar_Climate_Data_pipeline...
[SWMadagascar_Climate_Data_pipeline] [INFO] [2026-03-12 13:50:21]: ℹ SWMadagascar_Climate_Data_pipeline
[SWMadagascar_Climate_Data_pipeline] [INFO] [2026-03-12 13:50:21]: ! Invalidating weather_data_update target to trigger pipeline rerun...
[SWMadagascar_Climate_Data_pipeline] [INFO] [2026-03-12 13:50:21]: ℹ SWMadagascar_Climate_Data_pipeline
[SWMadagascar_Climate_Data_pipeline] [INFO] [2026-03-12 13:50:22]: ℹ Running targets pipeline for Ambient Weather Sensors...
[SWMadagascar_Climate_Data_pipeline] [INFO] [2026-03-12 13:50:22]: ℹ SWMadagascar_Climate_Data_pipeline
[SWMadagascar_Climate_Data_pipeline] [INFO] [2026-03-12 13:50:38]: ✔ Ambient Weather Sensors pipeline completed.
[SWMadagascar_Climate_Data_pipeline] [INFO] [2026-03-12 13:50:38]: ℹ SWMadagascar_Climate_Data_pipeline
[SWMadagascar_Climate_Data_pipeline] [INFO] [2026-03-12 13:50:38]: ℹ Updating Raw File List...
[SWMadagascar_Climate_Data_pipeline] [INFO] [2026-03-12 13:50:38]: ℹ SWMadagascar_Climate_Data_pipeline
[SWMadagascar_Climate_Data_pipeline] [INFO] [2026-03-12 13:50:48]: ✔ SWMadagascar_Climate_Data_pipeline completed.
[SWMadagascar_Climate_Data_pipeline] [INFO] [2026-03-12 13:50:49]: ℹ SWMadagascar_Climate_Data_pipeline
[SWMadagascar_Climate_Data_pipeline] [INFO] [2026-03-12 13:55:20]: ℹ Running SWMadagascar_Climate_Data_pipeline...
[SWMadagascar_Climate_Data_pipeline] [INFO] [2026-03-12 13:55:21]: ℹ SWMadagascar_Climate_Data_pipeline
[SWMadagascar_Climate_Data_pipeline] [INFO] [2026-03-12 13:55:21]: ! Invalidating weather_data_update target to trigger pipeline rerun...
[SWMadagascar_Climate_Data_pipeline] [INFO] [2026-03-12 13:55:21]: ℹ SWMadagascar_Climate_Data_pipeline
[SWMadagascar_Climate_Data_pipeline] [INFO] [2026-03-12 13:55:22]: ℹ Running targets pipeline for Ambient Weather Sensors...
[SWMadagascar_Climate_Data_pipeline] [INFO] [2026-03-12 13:55:22]: ℹ SWMadagascar_Climate_Data_pipeline
[SWMadagascar_Climate_Data_pipeline] [INFO] [2026-03-12 13:55:37]: ✔ Ambient Weather Sensors pipeline completed.
[SWMadagascar_Climate_Data_pipeline] [INFO] [2026-03-12 13:55:37]: ℹ SWMadagascar_Climate_Data_pipeline
[SWMadagascar_Climate_Data_pipeline] [INFO] [2026-03-12 13:55:37]: ℹ Updating Raw File List...
[SWMadagascar_Climate_Data_pipeline] [INFO] [2026-03-12 13:55:37]: ℹ SWMadagascar_Climate_Data_pipeline
[SWMadagascar_Climate_Data_pipeline] [INFO] [2026-03-12 13:55:48]: ✔ SWMadagascar_Climate_Data_pipeline completed.
[SWMadagascar_Climate_Data_pipeline] [INFO] [2026-03-12 13:55:48]: ℹ SWMadagascar_Climate_Data_pipeline
[SWMadagascar_Climate_Data_pipeline] [INFO] [2026-03-12 14:00:21]: ℹ Running SWMadagascar_Climate_Data_pipeline...
[SWMadagascar_Climate_Data_pipeline] [INFO] [2026-03-12 14:00:21]: ℹ SWMadagascar_Climate_Data_pipeline
[SWMadagascar_Climate_Data_pipeline] [INFO] [2026-03-12 14:00:21]: ! Invalidating weather_data_update target to trigger pipeline rerun...
[SWMadagascar_Climate_Data_pipeline] [INFO] [2026-03-12 14:00:21]: ℹ SWMadagascar_Climate_Data_pipeline
[SWMadagascar_Climate_Data_pipeline] [INFO] [2026-03-12 14:00:22]: ℹ Running targets pipeline for Ambient Weather Sensors...
[SWMadagascar_Climate_Data_pipeline] [INFO] [2026-03-12 14:00:22]: ℹ SWMadagascar_Climate_Data_pipeline
[SWMadagascar_Climate_Data_pipeline] [INFO] [2026-03-12 14:00:37]: ✔ Ambient Weather Sensors pipeline completed.
[SWMadagascar_Climate_Data_pipeline] [INFO] [2026-03-12 14:00:37]: ℹ SWMadagascar_Climate_Data_pipeline
[SWMadagascar_Climate_Data_pipeline] [INFO] [2026-03-12 14:00:37]: ℹ Updating Raw File List...
[SWMadagascar_Climate_Data_pipeline] [INFO] [2026-03-12 14:00:37]: ℹ SWMadagascar_Climate_Data_pipeline
[SWMadagascar_Climate_Data_pipeline] [INFO] [2026-03-12 14:00:48]: ✔ SWMadagascar_Climate_Data_pipeline completed.
[SWMadagascar_Climate_Data_pipeline] [INFO] [2026-03-12 14:00:48]: ℹ SWMadagascar_Climate_Data_pipeline
[SWMadagascar_Climate_Data_pipeline] [INFO] [2026-03-13 06:00:41]: ℹ Running SWMadagascar_Climate_Data_pipeline...
[SWMadagascar_Climate_Data_pipeline] [INFO] [2026-03-13 06:00:42]: ℹ SWMadagascar_Climate_Data_pipeline
[SWMadagascar_Climate_Data_pipeline] [INFO] [2026-03-13 06:00:42]: ! Invalidating weather_data_update target to trigger pipeline rerun...
[SWMadagascar_Climate_Data_pipeline] [INFO] [2026-03-13 06:00:42]: ℹ SWMadagascar_Climate_Data_pipeline
[SWMadagascar_Climate_Data_pipeline] [INFO] [2026-03-13 06:00:44]: ℹ Running targets pipeline for Ambient Weather Sensors...
[SWMadagascar_Climate_Data_pipeline] [INFO] [2026-03-13 06:00:44]: ℹ SWMadagascar_Climate_Data_pipeline
[SWMadagascar_Climate_Data_pipeline] [INFO] [2026-03-13 06:01:12]: ✔ Ambient Weather Sensors pipeline completed.
[SWMadagascar_Climate_Data_pipeline] [INFO] [2026-03-13 06:01:12]: ℹ SWMadagascar_Climate_Data_pipeline
[SWMadagascar_Climate_Data_pipeline] [INFO] [2026-03-13 06:01:12]: ℹ Updating Raw File List...
[SWMadagascar_Climate_Data_pipeline] [INFO] [2026-03-13 06:01:12]: ℹ SWMadagascar_Climate_Data_pipeline
[SWMadagascar_Climate_Data_pipeline] [INFO] [2026-03-13 06:01:27]: ✔ SWMadagascar_Climate_Data_pipeline completed.
[SWMadagascar_Climate_Data_pipeline] [INFO] [2026-03-13 06:01:27]: ℹ SWMadagascar_Climate_Data_pipeline
[SWMadagascar_Climate_Data_pipeline] [INFO] [2026-03-16 06:00:29]: ℹ Running SWMadagascar_Climate_Data_pipeline...
[SWMadagascar_Climate_Data_pipeline] [INFO] [2026-03-16 06:00:29]: ℹ SWMadagascar_Climate_Data_pipeline
[SWMadagascar_Climate_Data_pipeline] [INFO] [2026-03-16 06:00:29]: ! Invalidating weather_data_update target to trigger pipeline rerun...
[SWMadagascar_Climate_Data_pipeline] [INFO] [2026-03-16 06:00:29]: ℹ SWMadagascar_Climate_Data_pipeline
[SWMadagascar_Climate_Data_pipeline] [INFO] [2026-03-16 06:00:31]: ℹ Running targets pipeline for Ambient Weather Sensors...
[SWMadagascar_Climate_Data_pipeline] [INFO] [2026-03-16 06:00:31]: ℹ SWMadagascar_Climate_Data_pipeline
[SWMadagascar_Climate_Data_pipeline] [INFO] [2026-03-16 06:00:59]: ✔ Ambient Weather Sensors pipeline completed.
[SWMadagascar_Climate_Data_pipeline] [INFO] [2026-03-16 06:00:59]: ℹ SWMadagascar_Climate_Data_pipeline
[SWMadagascar_Climate_Data_pipeline] [INFO] [2026-03-16 06:00:59]: ℹ Updating Raw File List...
[SWMadagascar_Climate_Data_pipeline] [INFO] [2026-03-16 06:00:59]: ℹ SWMadagascar_Climate_Data_pipeline
[SWMadagascar_Climate_Data_pipeline] [INFO] [2026-03-16 06:01:11]: ✔ SWMadagascar_Climate_Data_pipeline completed.
[SWMadagascar_Climate_Data_pipeline] [INFO] [2026-03-16 06:01:11]: ℹ SWMadagascar_Climate_Data_pipeline
[SWMadagascar_Climate_Data_pipeline] [INFO] [2026-03-17 06:00:30]: ℹ Running SWMadagascar_Climate_Data_pipeline...
[SWMadagascar_Climate_Data_pipeline] [INFO] [2026-03-17 06:00:30]: ℹ SWMadagascar_Climate_Data_pipeline
[SWMadagascar_Climate_Data_pipeline] [INFO] [2026-03-17 06:00:30]: ! Invalidating weather_data_update target to trigger pipeline rerun...
[SWMadagascar_Climate_Data_pipeline] [INFO] [2026-03-17 06:00:30]: ℹ SWMadagascar_Climate_Data_pipeline
[SWMadagascar_Climate_Data_pipeline] [INFO] [2026-03-17 06:00:32]: ℹ Running targets pipeline for Ambient Weather Sensors...
[SWMadagascar_Climate_Data_pipeline] [INFO] [2026-03-17 06:00:32]: ℹ SWMadagascar_Climate_Data_pipeline
[SWMadagascar_Climate_Data_pipeline] [INFO] [2026-03-17 06:00:55]: ✔ Ambient Weather Sensors pipeline completed.
[SWMadagascar_Climate_Data_pipeline] [INFO] [2026-03-17 06:00:55]: ℹ SWMadagascar_Climate_Data_pipeline
[SWMadagascar_Climate_Data_pipeline] [INFO] [2026-03-17 06:00:55]: ℹ Updating Raw File List...
[SWMadagascar_Climate_Data_pipeline] [INFO] [2026-03-17 06:00:55]: ℹ SWMadagascar_Climate_Data_pipeline
[SWMadagascar_Climate_Data_pipeline] [INFO] [2026-03-17 06:01:07]: ✔ SWMadagascar_Climate_Data_pipeline completed.
[SWMadagascar_Climate_Data_pipeline] [INFO] [2026-03-17 06:01:07]: ℹ SWMadagascar_Climate_Data_pipeline
[SWMadagascar_Climate_Data_pipeline] [INFO] [2026-03-18 06:00:36]: ℹ Running SWMadagascar_Climate_Data_pipeline...
[SWMadagascar_Climate_Data_pipeline] [INFO] [2026-03-18 06:00:36]: ℹ SWMadagascar_Climate_Data_pipeline
[SWMadagascar_Climate_Data_pipeline] [INFO] [2026-03-18 06:00:36]: ! Invalidating weather_data_update target to trigger pipeline rerun...
[SWMadagascar_Climate_Data_pipeline] [INFO] [2026-03-18 06:00:36]: ℹ SWMadagascar_Climate_Data_pipeline
[SWMadagascar_Climate_Data_pipeline] [INFO] [2026-03-18 06:00:38]: ℹ Running targets pipeline for Ambient Weather Sensors...
[SWMadagascar_Climate_Data_pipeline] [INFO] [2026-03-18 06:00:38]: ℹ SWMadagascar_Climate_Data_pipeline
[SWMadagascar_Climate_Data_pipeline] [INFO] [2026-03-18 06:01:06]: ✔ Ambient Weather Sensors pipeline completed.
[SWMadagascar_Climate_Data_pipeline] [INFO] [2026-03-18 06:01:06]: ℹ SWMadagascar_Climate_Data_pipeline
[SWMadagascar_Climate_Data_pipeline] [INFO] [2026-03-18 06:01:06]: ℹ Updating Raw File List...
[SWMadagascar_Climate_Data_pipeline] [INFO] [2026-03-18 06:01:06]: ℹ SWMadagascar_Climate_Data_pipeline
[SWMadagascar_Climate_Data_pipeline] [INFO] [2026-03-18 06:01:20]: ✔ SWMadagascar_Climate_Data_pipeline completed.
[SWMadagascar_Climate_Data_pipeline] [INFO] [2026-03-18 06:01:20]: ℹ SWMadagascar_Climate_Data_pipeline
[SWMadagascar_Climate_Data_pipeline] [INFO] [2026-03-19 06:01:01]: ℹ Running SWMadagascar_Climate_Data_pipeline...
[SWMadagascar_Climate_Data_pipeline] [INFO] [2026-03-19 06:01:01]: ℹ SWMadagascar_Climate_Data_pipeline
[SWMadagascar_Climate_Data_pipeline] [INFO] [2026-03-19 06:01:01]: ! Invalidating weather_data_update target to trigger pipeline rerun...
[SWMadagascar_Climate_Data_pipeline] [INFO] [2026-03-19 06:01:01]: ℹ SWMadagascar_Climate_Data_pipeline
[SWMadagascar_Climate_Data_pipeline] [INFO] [2026-03-19 06:01:09]: ℹ Running targets pipeline for Ambient Weather Sensors...
[SWMadagascar_Climate_Data_pipeline] [INFO] [2026-03-19 06:01:09]: ℹ SWMadagascar_Climate_Data_pipeline
[SWMadagascar_Climate_Data_pipeline] [INFO] [2026-03-19 06:01:55]: ✔ Ambient Weather Sensors pipeline completed.
[SWMadagascar_Climate_Data_pipeline] [INFO] [2026-03-19 06:01:56]: ℹ SWMadagascar_Climate_Data_pipeline
[SWMadagascar_Climate_Data_pipeline] [INFO] [2026-03-19 06:01:56]: ℹ Updating Raw File List...
[SWMadagascar_Climate_Data_pipeline] [INFO] [2026-03-19 06:01:56]: ℹ SWMadagascar_Climate_Data_pipeline
[SWMadagascar_Climate_Data_pipeline] [INFO] [2026-03-19 06:02:12]: ✔ SWMadagascar_Climate_Data_pipeline completed.
[SWMadagascar_Climate_Data_pipeline] [INFO] [2026-03-19 06:02:12]: ℹ SWMadagascar_Climate_Data_pipeline
[SWMadagascar_Climate_Data_pipeline] [INFO] [2026-03-20 06:01:07]: ℹ Running SWMadagascar_Climate_Data_pipeline...
[SWMadagascar_Climate_Data_pipeline] [INFO] [2026-03-20 06:01:07]: ℹ SWMadagascar_Climate_Data_pipeline
[SWMadagascar_Climate_Data_pipeline] [INFO] [2026-03-20 06:01:07]: ! Invalidating weather_data_update target to trigger pipeline rerun...
[SWMadagascar_Climate_Data_pipeline] [INFO] [2026-03-20 06:01:07]: ℹ SWMadagascar_Climate_Data_pipeline
[SWMadagascar_Climate_Data_pipeline] [INFO] [2026-03-20 06:01:11]: ℹ Running targets pipeline for Ambient Weather Sensors...
[SWMadagascar_Climate_Data_pipeline] [INFO] [2026-03-20 06:01:11]: ℹ SWMadagascar_Climate_Data_pipeline
[SWMadagascar_Climate_Data_pipeline] [INFO] [2026-03-20 06:01:57]: ✔ Ambient Weather Sensors pipeline completed.
[SWMadagascar_Climate_Data_pipeline] [INFO] [2026-03-20 06:01:57]: ℹ SWMadagascar_Climate_Data_pipeline
[SWMadagascar_Climate_Data_pipeline] [INFO] [2026-03-20 06:01:57]: ℹ Updating Raw File List...
[SWMadagascar_Climate_Data_pipeline] [INFO] [2026-03-20 06:01:57]: ℹ SWMadagascar_Climate_Data_pipeline
[SWMadagascar_Climate_Data_pipeline] [INFO] [2026-03-20 06:02:12]: ✔ SWMadagascar_Climate_Data_pipeline completed.
[SWMadagascar_Climate_Data_pipeline] [INFO] [2026-03-20 06:02:12]: ℹ SWMadagascar_Climate_Data_pipeline
[SWMadagascar_Climate_Data_pipeline] [INFO] [2026-03-23 06:01:15]: ℹ Running SWMadagascar_Climate_Data_pipeline...
[SWMadagascar_Climate_Data_pipeline] [INFO] [2026-03-23 06:01:15]: ℹ SWMadagascar_Climate_Data_pipeline
[SWMadagascar_Climate_Data_pipeline] [INFO] [2026-03-23 06:01:15]: ! Invalidating weather_data_update target to trigger pipeline rerun...
[SWMadagascar_Climate_Data_pipeline] [INFO] [2026-03-23 06:01:15]: ℹ SWMadagascar_Climate_Data_pipeline
[SWMadagascar_Climate_Data_pipeline] [INFO] [2026-03-23 06:01:19]: ℹ Running targets pipeline for Ambient Weather Sensors...
[SWMadagascar_Climate_Data_pipeline] [INFO] [2026-03-23 06:01:19]: ℹ SWMadagascar_Climate_Data_pipeline
[SWMadagascar_Climate_Data_pipeline] [INFO] [2026-03-23 06:02:00]: ✔ Ambient Weather Sensors pipeline completed.
[SWMadagascar_Climate_Data_pipeline] [INFO] [2026-03-23 06:02:00]: ℹ SWMadagascar_Climate_Data_pipeline
[SWMadagascar_Climate_Data_pipeline] [INFO] [2026-03-23 06:02:00]: ℹ Updating Raw File List...
[SWMadagascar_Climate_Data_pipeline] [INFO] [2026-03-23 06:02:00]: ℹ SWMadagascar_Climate_Data_pipeline
[SWMadagascar_Climate_Data_pipeline] [INFO] [2026-03-23 06:02:16]: ✔ SWMadagascar_Climate_Data_pipeline completed.
[SWMadagascar_Climate_Data_pipeline] [INFO] [2026-03-23 06:02:16]: ℹ SWMadagascar_Climate_Data_pipeline
[SWMadagascar_Climate_Data_pipeline] [INFO] [2026-03-24 06:00:32]: ℹ Running SWMadagascar_Climate_Data_pipeline...
[SWMadagascar_Climate_Data_pipeline] [INFO] [2026-03-24 06:00:32]: ℹ SWMadagascar_Climate_Data_pipeline
[SWMadagascar_Climate_Data_pipeline] [INFO] [2026-03-24 06:00:32]: ! Invalidating weather_data_update target to trigger pipeline rerun...
[SWMadagascar_Climate_Data_pipeline] [INFO] [2026-03-24 06:00:32]: ℹ SWMadagascar_Climate_Data_pipeline
[SWMadagascar_Climate_Data_pipeline] [INFO] [2026-03-24 06:00:35]: ℹ Running targets pipeline for Ambient Weather Sensors...
[SWMadagascar_Climate_Data_pipeline] [INFO] [2026-03-24 06:00:35]: ℹ SWMadagascar_Climate_Data_pipeline
[SWMadagascar_Climate_Data_pipeline] [INFO] [2026-03-24 06:00:59]: ✔ Ambient Weather Sensors pipeline completed.
[SWMadagascar_Climate_Data_pipeline] [INFO] [2026-03-24 06:00:59]: ℹ SWMadagascar_Climate_Data_pipeline
[SWMadagascar_Climate_Data_pipeline] [INFO] [2026-03-24 06:00:59]: ℹ Updating Raw File List...
[SWMadagascar_Climate_Data_pipeline] [INFO] [2026-03-24 06:00:59]: ℹ SWMadagascar_Climate_Data_pipeline
[SWMadagascar_Climate_Data_pipeline] [INFO] [2026-03-24 06:01:11]: ✔ SWMadagascar_Climate_Data_pipeline completed.
[SWMadagascar_Climate_Data_pipeline] [INFO] [2026-03-24 06:01:11]: ℹ SWMadagascar_Climate_Data_pipeline
[SWMadagascar_Climate_Data_pipeline] [INFO] [2026-03-25 06:00:52]: ℹ Running SWMadagascar_Climate_Data_pipeline...
[SWMadagascar_Climate_Data_pipeline] [INFO] [2026-03-25 06:00:53]: ℹ SWMadagascar_Climate_Data_pipeline
[SWMadagascar_Climate_Data_pipeline] [INFO] [2026-03-25 06:00:53]: ! Invalidating weather_data_update target to trigger pipeline rerun...
[SWMadagascar_Climate_Data_pipeline] [INFO] [2026-03-25 06:00:53]: ℹ SWMadagascar_Climate_Data_pipeline
[SWMadagascar_Climate_Data_pipeline] [INFO] [2026-03-25 06:01:00]: ℹ Running targets pipeline for Ambient Weather Sensors...
[SWMadagascar_Climate_Data_pipeline] [INFO] [2026-03-25 06:01:00]: ℹ SWMadagascar_Climate_Data_pipeline
[SWMadagascar_Climate_Data_pipeline] [INFO] [2026-03-25 06:01:58]: ✔ Ambient Weather Sensors pipeline completed.
[SWMadagascar_Climate_Data_pipeline] [INFO] [2026-03-25 06:01:58]: ℹ SWMadagascar_Climate_Data_pipeline
[SWMadagascar_Climate_Data_pipeline] [INFO] [2026-03-25 06:01:58]: ℹ Updating Raw File List...
[SWMadagascar_Climate_Data_pipeline] [INFO] [2026-03-25 06:01:58]: ℹ SWMadagascar_Climate_Data_pipeline
[SWMadagascar_Climate_Data_pipeline] [INFO] [2026-03-25 06:02:14]: ✔ SWMadagascar_Climate_Data_pipeline completed.
[SWMadagascar_Climate_Data_pipeline] [INFO] [2026-03-25 06:02:14]: ℹ SWMadagascar_Climate_Data_pipeline
[SWMadagascar_Climate_Data_pipeline] [INFO] [2026-03-26 06:00:43]: ℹ Running SWMadagascar_Climate_Data_pipeline...
[SWMadagascar_Climate_Data_pipeline] [INFO] [2026-03-26 06:00:43]: ℹ SWMadagascar_Climate_Data_pipeline
[SWMadagascar_Climate_Data_pipeline] [INFO] [2026-03-26 06:00:43]: ! Invalidating weather_data_update target to trigger pipeline rerun...
[SWMadagascar_Climate_Data_pipeline] [INFO] [2026-03-26 06:00:43]: ℹ SWMadagascar_Climate_Data_pipeline
[SWMadagascar_Climate_Data_pipeline] [INFO] [2026-03-26 06:00:48]: ℹ Running targets pipeline for Ambient Weather Sensors...
[SWMadagascar_Climate_Data_pipeline] [INFO] [2026-03-26 06:00:48]: ℹ SWMadagascar_Climate_Data_pipeline
[SWMadagascar_Climate_Data_pipeline] [INFO] [2026-03-26 06:01:37]: ✔ Ambient Weather Sensors pipeline completed.
[SWMadagascar_Climate_Data_pipeline] [INFO] [2026-03-26 06:01:38]: ℹ SWMadagascar_Climate_Data_pipeline
[SWMadagascar_Climate_Data_pipeline] [INFO] [2026-03-26 06:01:38]: ℹ Updating Raw File List...
[SWMadagascar_Climate_Data_pipeline] [INFO] [2026-03-26 06:01:38]: ℹ SWMadagascar_Climate_Data_pipeline
[SWMadagascar_Climate_Data_pipeline] [INFO] [2026-03-26 06:01:52]: ✔ SWMadagascar_Climate_Data_pipeline completed.
[SWMadagascar_Climate_Data_pipeline] [INFO] [2026-03-26 06:01:52]: ℹ SWMadagascar_Climate_Data_pipeline
[SWMadagascar_Climate_Data_pipeline] [INFO] [2026-03-27 06:00:43]: ℹ Running SWMadagascar_Climate_Data_pipeline...
[SWMadagascar_Climate_Data_pipeline] [INFO] [2026-03-27 06:00:43]: ℹ SWMadagascar_Climate_Data_pipeline
[SWMadagascar_Climate_Data_pipeline] [INFO] [2026-03-27 06:00:43]: ! Invalidating weather_data_update target to trigger pipeline rerun...
[SWMadagascar_Climate_Data_pipeline] [INFO] [2026-03-27 06:00:43]: ℹ SWMadagascar_Climate_Data_pipeline
[SWMadagascar_Climate_Data_pipeline] [INFO] [2026-03-27 06:00:45]: ℹ Running targets pipeline for Ambient Weather Sensors...
[SWMadagascar_Climate_Data_pipeline] [INFO] [2026-03-27 06:00:45]: ℹ SWMadagascar_Climate_Data_pipeline
[SWMadagascar_Climate_Data_pipeline] [INFO] [2026-03-27 06:01:12]: ✔ Ambient Weather Sensors pipeline completed.
[SWMadagascar_Climate_Data_pipeline] [INFO] [2026-03-27 06:01:12]: ℹ SWMadagascar_Climate_Data_pipeline
[SWMadagascar_Climate_Data_pipeline] [INFO] [2026-03-27 06:01:12]: ℹ Updating Raw File List...
[SWMadagascar_Climate_Data_pipeline] [INFO] [2026-03-27 06:01:12]: ℹ SWMadagascar_Climate_Data_pipeline
[SWMadagascar_Climate_Data_pipeline] [INFO] [2026-03-27 06:01:27]: ✔ SWMadagascar_Climate_Data_pipeline completed.
[SWMadagascar_Climate_Data_pipeline] [INFO] [2026-03-27 06:01:27]: ℹ SWMadagascar_Climate_Data_pipeline
[SWMadagascar_Climate_Data_pipeline] [INFO] [2026-03-30 06:00:40]: ℹ Running SWMadagascar_Climate_Data_pipeline...
[SWMadagascar_Climate_Data_pipeline] [INFO] [2026-03-30 06:00:41]: ℹ SWMadagascar_Climate_Data_pipeline
[SWMadagascar_Climate_Data_pipeline] [INFO] [2026-03-30 06:00:41]: ! Invalidating weather_data_update target to trigger pipeline rerun...
[SWMadagascar_Climate_Data_pipeline] [INFO] [2026-03-30 06:00:41]: ℹ SWMadagascar_Climate_Data_pipeline
[SWMadagascar_Climate_Data_pipeline] [INFO] [2026-03-30 06:00:43]: ℹ Running targets pipeline for Ambient Weather Sensors...
[SWMadagascar_Climate_Data_pipeline] [INFO] [2026-03-30 06:00:43]: ℹ SWMadagascar_Climate_Data_pipeline
[SWMadagascar_Climate_Data_pipeline] [INFO] [2026-03-30 06:01:15]: ✔ Ambient Weather Sensors pipeline completed.
[SWMadagascar_Climate_Data_pipeline] [INFO] [2026-03-30 06:01:15]: ℹ SWMadagascar_Climate_Data_pipeline
[SWMadagascar_Climate_Data_pipeline] [INFO] [2026-03-30 06:01:15]: ℹ Updating Raw File List...
[SWMadagascar_Climate_Data_pipeline] [INFO] [2026-03-30 06:01:15]: ℹ SWMadagascar_Climate_Data_pipeline
[SWMadagascar_Climate_Data_pipeline] [INFO] [2026-03-30 06:01:30]: ✔ SWMadagascar_Climate_Data_pipeline completed.
[SWMadagascar_Climate_Data_pipeline] [INFO] [2026-03-30 06:01:30]: ℹ SWMadagascar_Climate_Data_pipeline
[SWMadagascar_Climate_Data_pipeline] [INFO] [2026-03-31 06:00:28]: ℹ Running SWMadagascar_Climate_Data_pipeline...
[SWMadagascar_Climate_Data_pipeline] [INFO] [2026-03-31 06:00:29]: ℹ SWMadagascar_Climate_Data_pipeline
[SWMadagascar_Climate_Data_pipeline] [INFO] [2026-03-31 06:00:29]: ! Invalidating weather_data_update target to trigger pipeline rerun...
[SWMadagascar_Climate_Data_pipeline] [INFO] [2026-03-31 06:00:29]: ℹ SWMadagascar_Climate_Data_pipeline
[SWMadagascar_Climate_Data_pipeline] [INFO] [2026-03-31 06:00:30]: ℹ Running targets pipeline for Ambient Weather Sensors...
[SWMadagascar_Climate_Data_pipeline] [INFO] [2026-03-31 06:00:30]: ℹ SWMadagascar_Climate_Data_pipeline
[SWMadagascar_Climate_Data_pipeline] [INFO] [2026-03-31 06:00:55]: ✔ Ambient Weather Sensors pipeline completed.
[SWMadagascar_Climate_Data_pipeline] [INFO] [2026-03-31 06:00:55]: ℹ SWMadagascar_Climate_Data_pipeline
[SWMadagascar_Climate_Data_pipeline] [INFO] [2026-03-31 06:00:55]: ℹ Updating Raw File List...
[SWMadagascar_Climate_Data_pipeline] [INFO] [2026-03-31 06:00:55]: ℹ SWMadagascar_Climate_Data_pipeline
[SWMadagascar_Climate_Data_pipeline] [INFO] [2026-03-31 06:01:11]: ✔ SWMadagascar_Climate_Data_pipeline completed.
[SWMadagascar_Climate_Data_pipeline] [INFO] [2026-03-31 06:01:11]: ℹ SWMadagascar_Climate_Data_pipeline
[SWMadagascar_Climate_Data_pipeline] [INFO] [2026-04-01 06:00:47]: ℹ Running SWMadagascar_Climate_Data_pipeline...
[SWMadagascar_Climate_Data_pipeline] [INFO] [2026-04-01 06:00:48]: ℹ SWMadagascar_Climate_Data_pipeline
[SWMadagascar_Climate_Data_pipeline] [INFO] [2026-04-01 06:00:48]: ! Invalidating weather_data_update target to trigger pipeline rerun...
[SWMadagascar_Climate_Data_pipeline] [INFO] [2026-04-01 06:00:48]: ℹ SWMadagascar_Climate_Data_pipeline
[SWMadagascar_Climate_Data_pipeline] [INFO] [2026-04-01 06:00:49]: ℹ Running targets pipeline for Ambient Weather Sensors...
[SWMadagascar_Climate_Data_pipeline] [INFO] [2026-04-01 06:00:49]: ℹ SWMadagascar_Climate_Data_pipeline
[SWMadagascar_Climate_Data_pipeline] [INFO] [2026-04-01 06:01:09]: ✔ Ambient Weather Sensors pipeline completed.
[SWMadagascar_Climate_Data_pipeline] [INFO] [2026-04-01 06:01:09]: ℹ SWMadagascar_Climate_Data_pipeline
[SWMadagascar_Climate_Data_pipeline] [INFO] [2026-04-01 06:01:09]: ℹ Updating Raw File List...
[SWMadagascar_Climate_Data_pipeline] [INFO] [2026-04-01 06:01:09]: ℹ SWMadagascar_Climate_Data_pipeline
[SWMadagascar_Climate_Data_pipeline] [INFO] [2026-04-01 06:01:21]: ✔ SWMadagascar_Climate_Data_pipeline completed.
[SWMadagascar_Climate_Data_pipeline] [INFO] [2026-04-01 06:01:21]: ℹ SWMadagascar_Climate_Data_pipeline
[SWMadagascar_Climate_Data_pipeline] [INFO] [2026-04-02 06:00:49]: ℹ Running SWMadagascar_Climate_Data_pipeline...
[SWMadagascar_Climate_Data_pipeline] [INFO] [2026-04-02 06:00:49]: ℹ SWMadagascar_Climate_Data_pipeline
[SWMadagascar_Climate_Data_pipeline] [INFO] [2026-04-02 06:00:49]: ! Invalidating weather_data_update target to trigger pipeline rerun...
[SWMadagascar_Climate_Data_pipeline] [INFO] [2026-04-02 06:00:49]: ℹ SWMadagascar_Climate_Data_pipeline
[SWMadagascar_Climate_Data_pipeline] [INFO] [2026-04-02 06:00:51]: ℹ Running targets pipeline for Ambient Weather Sensors...
[SWMadagascar_Climate_Data_pipeline] [INFO] [2026-04-02 06:00:51]: ℹ SWMadagascar_Climate_Data_pipeline
[SWMadagascar_Climate_Data_pipeline] [INFO] [2026-04-02 06:01:13]: ✔ Ambient Weather Sensors pipeline completed.
[SWMadagascar_Climate_Data_pipeline] [INFO] [2026-04-02 06:01:13]: ℹ SWMadagascar_Climate_Data_pipeline
[SWMadagascar_Climate_Data_pipeline] [INFO] [2026-04-02 06:01:13]: ℹ Updating Raw File List...
[SWMadagascar_Climate_Data_pipeline] [INFO] [2026-04-02 06:01:13]: ℹ SWMadagascar_Climate_Data_pipeline
[SWMadagascar_Climate_Data_pipeline] [INFO] [2026-04-02 06:01:24]: ✔ SWMadagascar_Climate_Data_pipeline completed.
[SWMadagascar_Climate_Data_pipeline] [INFO] [2026-04-02 06:01:24]: ℹ SWMadagascar_Climate_Data_pipeline
[SWMadagascar_Climate_Data_pipeline] [INFO] [2026-04-03 06:00:27]: ℹ Running SWMadagascar_Climate_Data_pipeline...
[SWMadagascar_Climate_Data_pipeline] [INFO] [2026-04-03 06:00:27]: ℹ SWMadagascar_Climate_Data_pipeline
[SWMadagascar_Climate_Data_pipeline] [INFO] [2026-04-03 06:00:27]: ! Invalidating weather_data_update target to trigger pipeline rerun...
[SWMadagascar_Climate_Data_pipeline] [INFO] [2026-04-03 06:00:27]: ℹ SWMadagascar_Climate_Data_pipeline
[SWMadagascar_Climate_Data_pipeline] [INFO] [2026-04-03 06:00:28]: ℹ Running targets pipeline for Ambient Weather Sensors...
[SWMadagascar_Climate_Data_pipeline] [INFO] [2026-04-03 06:00:28]: ℹ SWMadagascar_Climate_Data_pipeline
[SWMadagascar_Climate_Data_pipeline] [INFO] [2026-04-03 06:00:50]: ✔ Ambient Weather Sensors pipeline completed.
[SWMadagascar_Climate_Data_pipeline] [INFO] [2026-04-03 06:00:50]: ℹ SWMadagascar_Climate_Data_pipeline
[SWMadagascar_Climate_Data_pipeline] [INFO] [2026-04-03 06:00:50]: ℹ Updating Raw File List...
[SWMadagascar_Climate_Data_pipeline] [INFO] [2026-04-03 06:00:50]: ℹ SWMadagascar_Climate_Data_pipeline
[SWMadagascar_Climate_Data_pipeline] [INFO] [2026-04-03 06:01:01]: ✔ SWMadagascar_Climate_Data_pipeline completed.
[SWMadagascar_Climate_Data_pipeline] [INFO] [2026-04-03 06:01:01]: ℹ SWMadagascar_Climate_Data_pipeline
[SWMadagascar_Climate_Data_pipeline] [INFO] [2026-04-06 06:00:48]: ℹ Running SWMadagascar_Climate_Data_pipeline...
[SWMadagascar_Climate_Data_pipeline] [INFO] [2026-04-06 06:00:48]: ℹ SWMadagascar_Climate_Data_pipeline
[SWMadagascar_Climate_Data_pipeline] [INFO] [2026-04-06 06:00:48]: ! Invalidating weather_data_update target to trigger pipeline rerun...
[SWMadagascar_Climate_Data_pipeline] [INFO] [2026-04-06 06:00:48]: ℹ SWMadagascar_Climate_Data_pipeline
[SWMadagascar_Climate_Data_pipeline] [INFO] [2026-04-06 06:00:50]: ℹ Running targets pipeline for Ambient Weather Sensors...
[SWMadagascar_Climate_Data_pipeline] [INFO] [2026-04-06 06:00:50]: ℹ SWMadagascar_Climate_Data_pipeline
[SWMadagascar_Climate_Data_pipeline] [INFO] [2026-04-06 06:01:27]: ✔ Ambient Weather Sensors pipeline completed.
[SWMadagascar_Climate_Data_pipeline] [INFO] [2026-04-06 06:01:27]: ℹ SWMadagascar_Climate_Data_pipeline
[SWMadagascar_Climate_Data_pipeline] [INFO] [2026-04-06 06:01:27]: ℹ Updating Raw File List...
[SWMadagascar_Climate_Data_pipeline] [INFO] [2026-04-06 06:01:27]: ℹ SWMadagascar_Climate_Data_pipeline
[SWMadagascar_Climate_Data_pipeline] [INFO] [2026-04-06 06:01:43]: ✔ SWMadagascar_Climate_Data_pipeline completed.
[SWMadagascar_Climate_Data_pipeline] [INFO] [2026-04-06 06:01:43]: ℹ SWMadagascar_Climate_Data_pipeline
[SWMadagascar_Climate_Data_pipeline] [INFO] [2026-04-07 06:00:49]: ℹ Running SWMadagascar_Climate_Data_pipeline...
[SWMadagascar_Climate_Data_pipeline] [INFO] [2026-04-07 06:00:50]: ℹ SWMadagascar_Climate_Data_pipeline
[SWMadagascar_Climate_Data_pipeline] [INFO] [2026-04-07 06:00:50]: ! Invalidating weather_data_update target to trigger pipeline rerun...
[SWMadagascar_Climate_Data_pipeline] [INFO] [2026-04-07 06:00:50]: ℹ SWMadagascar_Climate_Data_pipeline
[SWMadagascar_Climate_Data_pipeline] [INFO] [2026-04-07 06:00:52]: ℹ Running targets pipeline for Ambient Weather Sensors...
[SWMadagascar_Climate_Data_pipeline] [INFO] [2026-04-07 06:00:52]: ℹ SWMadagascar_Climate_Data_pipeline
[SWMadagascar_Climate_Data_pipeline] [INFO] [2026-04-07 06:01:17]: ✔ Ambient Weather Sensors pipeline completed.
[SWMadagascar_Climate_Data_pipeline] [INFO] [2026-04-07 06:01:17]: ℹ SWMadagascar_Climate_Data_pipeline
[SWMadagascar_Climate_Data_pipeline] [INFO] [2026-04-07 06:01:18]: ℹ Updating Raw File List...
[SWMadagascar_Climate_Data_pipeline] [INFO] [2026-04-07 06:01:18]: ℹ SWMadagascar_Climate_Data_pipeline
[SWMadagascar_Climate_Data_pipeline] [INFO] [2026-04-07 06:01:29]: ✔ SWMadagascar_Climate_Data_pipeline completed.
[SWMadagascar_Climate_Data_pipeline] [INFO] [2026-04-07 06:01:29]: ℹ SWMadagascar_Climate_Data_pipeline
[SWMadagascar_Climate_Data_pipeline] [INFO] [2026-04-08 06:00:39]: ℹ Running SWMadagascar_Climate_Data_pipeline...
[SWMadagascar_Climate_Data_pipeline] [INFO] [2026-04-08 06:00:39]: ℹ SWMadagascar_Climate_Data_pipeline
[SWMadagascar_Climate_Data_pipeline] [INFO] [2026-04-08 06:00:39]: ! Invalidating weather_data_update target to trigger pipeline rerun...
[SWMadagascar_Climate_Data_pipeline] [INFO] [2026-04-08 06:00:39]: ℹ SWMadagascar_Climate_Data_pipeline
[SWMadagascar_Climate_Data_pipeline] [INFO] [2026-04-08 06:00:41]: ℹ Running targets pipeline for Ambient Weather Sensors...
[SWMadagascar_Climate_Data_pipeline] [INFO] [2026-04-08 06:00:41]: ℹ SWMadagascar_Climate_Data_pipeline
[SWMadagascar_Climate_Data_pipeline] [INFO] [2026-04-08 06:01:00]: ✔ Ambient Weather Sensors pipeline completed.
[SWMadagascar_Climate_Data_pipeline] [INFO] [2026-04-08 06:01:01]: ℹ SWMadagascar_Climate_Data_pipeline
[SWMadagascar_Climate_Data_pipeline] [INFO] [2026-04-08 06:01:01]: ℹ Updating Raw File List...
[SWMadagascar_Climate_Data_pipeline] [INFO] [2026-04-08 06:01:01]: ℹ SWMadagascar_Climate_Data_pipeline
[SWMadagascar_Climate_Data_pipeline] [INFO] [2026-04-08 06:01:11]: ✔ SWMadagascar_Climate_Data_pipeline completed.
[SWMadagascar_Climate_Data_pipeline] [INFO] [2026-04-08 06:01:11]: ℹ SWMadagascar_Climate_Data_pipeline
[SWMadagascar_Climate_Data_pipeline] [INFO] [2026-04-09 06:00:34]: ℹ Running SWMadagascar_Climate_Data_pipeline...
[SWMadagascar_Climate_Data_pipeline] [INFO] [2026-04-09 06:00:34]: ℹ SWMadagascar_Climate_Data_pipeline
[SWMadagascar_Climate_Data_pipeline] [INFO] [2026-04-09 06:00:34]: ! Invalidating weather_data_update target to trigger pipeline rerun...
[SWMadagascar_Climate_Data_pipeline] [INFO] [2026-04-09 06:00:34]: ℹ SWMadagascar_Climate_Data_pipeline
[SWMadagascar_Climate_Data_pipeline] [INFO] [2026-04-09 06:00:36]: ℹ Running targets pipeline for Ambient Weather Sensors...
[SWMadagascar_Climate_Data_pipeline] [INFO] [2026-04-09 06:00:36]: ℹ SWMadagascar_Climate_Data_pipeline
[SWMadagascar_Climate_Data_pipeline] [INFO] [2026-04-09 06:01:05]: ✔ Ambient Weather Sensors pipeline completed.
[SWMadagascar_Climate_Data_pipeline] [INFO] [2026-04-09 06:01:05]: ℹ SWMadagascar_Climate_Data_pipeline
[SWMadagascar_Climate_Data_pipeline] [INFO] [2026-04-09 06:01:05]: ℹ Updating Raw File List...
[SWMadagascar_Climate_Data_pipeline] [INFO] [2026-04-09 06:01:05]: ℹ SWMadagascar_Climate_Data_pipeline
[SWMadagascar_Climate_Data_pipeline] [INFO] [2026-04-09 06:01:19]: ✔ SWMadagascar_Climate_Data_pipeline completed.
[SWMadagascar_Climate_Data_pipeline] [INFO] [2026-04-09 06:01:19]: ℹ SWMadagascar_Climate_Data_pipeline
[SWMadagascar_Climate_Data_pipeline] [INFO] [2026-04-10 06:00:47]: ℹ Running SWMadagascar_Climate_Data_pipeline...
[SWMadagascar_Climate_Data_pipeline] [INFO] [2026-04-10 06:00:47]: ℹ SWMadagascar_Climate_Data_pipeline
[SWMadagascar_Climate_Data_pipeline] [INFO] [2026-04-10 06:00:47]: ! Invalidating weather_data_update target to trigger pipeline rerun...
[SWMadagascar_Climate_Data_pipeline] [INFO] [2026-04-10 06:00:47]: ℹ SWMadagascar_Climate_Data_pipeline
[SWMadagascar_Climate_Data_pipeline] [INFO] [2026-04-10 06:00:50]: ℹ Running targets pipeline for Ambient Weather Sensors...
[SWMadagascar_Climate_Data_pipeline] [INFO] [2026-04-10 06:00:50]: ℹ SWMadagascar_Climate_Data_pipeline
[SWMadagascar_Climate_Data_pipeline] [INFO] [2026-04-10 06:01:19]: ✔ Ambient Weather Sensors pipeline completed.
[SWMadagascar_Climate_Data_pipeline] [INFO] [2026-04-10 06:01:19]: ℹ SWMadagascar_Climate_Data_pipeline
[SWMadagascar_Climate_Data_pipeline] [INFO] [2026-04-10 06:01:19]: ℹ Updating Raw File List...
[SWMadagascar_Climate_Data_pipeline] [INFO] [2026-04-10 06:01:19]: ℹ SWMadagascar_Climate_Data_pipeline
[SWMadagascar_Climate_Data_pipeline] [INFO] [2026-04-10 06:01:32]: ✔ SWMadagascar_Climate_Data_pipeline completed.
[SWMadagascar_Climate_Data_pipeline] [INFO] [2026-04-10 06:01:32]: ℹ SWMadagascar_Climate_Data_pipeline
[SWMadagascar_Climate_Data_pipeline] [INFO] [2026-04-13 06:00:33]: ℹ Running SWMadagascar_Climate_Data_pipeline...
[SWMadagascar_Climate_Data_pipeline] [INFO] [2026-04-13 06:00:33]: ℹ SWMadagascar_Climate_Data_pipeline
[SWMadagascar_Climate_Data_pipeline] [INFO] [2026-04-13 06:00:33]: ! Invalidating weather_data_update target to trigger pipeline rerun...
[SWMadagascar_Climate_Data_pipeline] [INFO] [2026-04-13 06:00:33]: ℹ SWMadagascar_Climate_Data_pipeline
[SWMadagascar_Climate_Data_pipeline] [INFO] [2026-04-13 06:00:34]: ℹ Running targets pipeline for Ambient Weather Sensors...
[SWMadagascar_Climate_Data_pipeline] [INFO] [2026-04-13 06:00:34]: ℹ SWMadagascar_Climate_Data_pipeline
[SWMadagascar_Climate_Data_pipeline] [INFO] [2026-04-13 06:01:02]: ✔ Ambient Weather Sensors pipeline completed.
[SWMadagascar_Climate_Data_pipeline] [INFO] [2026-04-13 06:01:02]: ℹ SWMadagascar_Climate_Data_pipeline
[SWMadagascar_Climate_Data_pipeline] [INFO] [2026-04-13 06:01:02]: ℹ Updating Raw File List...
[SWMadagascar_Climate_Data_pipeline] [INFO] [2026-04-13 06:01:02]: ℹ SWMadagascar_Climate_Data_pipeline
[SWMadagascar_Climate_Data_pipeline] [INFO] [2026-04-13 06:01:14]: ✔ SWMadagascar_Climate_Data_pipeline completed.
[SWMadagascar_Climate_Data_pipeline] [INFO] [2026-04-13 06:01:14]: ℹ SWMadagascar_Climate_Data_pipeline
[SWMadagascar_Climate_Data_pipeline] [INFO] [2026-04-14 06:00:22]: ℹ Running SWMadagascar_Climate_Data_pipeline...
[SWMadagascar_Climate_Data_pipeline] [INFO] [2026-04-14 06:00:22]: ℹ SWMadagascar_Climate_Data_pipeline
[SWMadagascar_Climate_Data_pipeline] [INFO] [2026-04-14 06:00:22]: ! Invalidating weather_data_update target to trigger pipeline rerun...
[SWMadagascar_Climate_Data_pipeline] [INFO] [2026-04-14 06:00:22]: ℹ SWMadagascar_Climate_Data_pipeline
[SWMadagascar_Climate_Data_pipeline] [INFO] [2026-04-14 06:00:23]: ℹ Running targets pipeline for Ambient Weather Sensors...
[SWMadagascar_Climate_Data_pipeline] [INFO] [2026-04-14 06:00:23]: ℹ SWMadagascar_Climate_Data_pipeline
[SWMadagascar_Climate_Data_pipeline] [INFO] [2026-04-14 06:00:42]: ✔ Ambient Weather Sensors pipeline completed.
[SWMadagascar_Climate_Data_pipeline] [INFO] [2026-04-14 06:00:42]: ℹ SWMadagascar_Climate_Data_pipeline
[SWMadagascar_Climate_Data_pipeline] [INFO] [2026-04-14 06:00:42]: ℹ Updating Raw File List...
[SWMadagascar_Climate_Data_pipeline] [INFO] [2026-04-14 06:00:42]: ℹ SWMadagascar_Climate_Data_pipeline
[SWMadagascar_Climate_Data_pipeline] [INFO] [2026-04-14 06:00:53]: ✔ SWMadagascar_Climate_Data_pipeline completed.
[SWMadagascar_Climate_Data_pipeline] [INFO] [2026-04-14 06:00:53]: ℹ SWMadagascar_Climate_Data_pipeline
[SWMadagascar_Climate_Data_pipeline] [INFO] [2026-04-15 06:00:36]: ℹ Running SWMadagascar_Climate_Data_pipeline...
[SWMadagascar_Climate_Data_pipeline] [INFO] [2026-04-15 06:00:36]: ℹ SWMadagascar_Climate_Data_pipeline
[SWMadagascar_Climate_Data_pipeline] [INFO] [2026-04-15 06:00:36]: ! Invalidating weather_data_update target to trigger pipeline rerun...
[SWMadagascar_Climate_Data_pipeline] [INFO] [2026-04-15 06:00:36]: ℹ SWMadagascar_Climate_Data_pipeline
[SWMadagascar_Climate_Data_pipeline] [INFO] [2026-04-15 06:00:39]: ℹ Running targets pipeline for Ambient Weather Sensors...
[SWMadagascar_Climate_Data_pipeline] [INFO] [2026-04-15 06:00:39]: ℹ SWMadagascar_Climate_Data_pipeline
[SWMadagascar_Climate_Data_pipeline] [INFO] [2026-04-15 06:01:01]: ✔ Ambient Weather Sensors pipeline completed.
[SWMadagascar_Climate_Data_pipeline] [INFO] [2026-04-15 06:01:01]: ℹ SWMadagascar_Climate_Data_pipeline
[SWMadagascar_Climate_Data_pipeline] [INFO] [2026-04-15 06:01:01]: ℹ Updating Raw File List...
[SWMadagascar_Climate_Data_pipeline] [INFO] [2026-04-15 06:01:01]: ℹ SWMadagascar_Climate_Data_pipeline
[SWMadagascar_Climate_Data_pipeline] [INFO] [2026-04-15 06:01:12]: ✔ SWMadagascar_Climate_Data_pipeline completed.
[SWMadagascar_Climate_Data_pipeline] [INFO] [2026-04-15 06:01:12]: ℹ SWMadagascar_Climate_Data_pipeline
[SWMadagascar_Climate_Data_pipeline] [INFO] [2026-04-16 06:01:57]: ℹ Running SWMadagascar_Climate_Data_pipeline...
[SWMadagascar_Climate_Data_pipeline] [INFO] [2026-04-16 06:01:57]: ℹ SWMadagascar_Climate_Data_pipeline
[SWMadagascar_Climate_Data_pipeline] [INFO] [2026-04-16 06:01:57]: ! Invalidating weather_data_update target to trigger pipeline rerun...
[SWMadagascar_Climate_Data_pipeline] [INFO] [2026-04-16 06:01:57]: ℹ SWMadagascar_Climate_Data_pipeline
[SWMadagascar_Climate_Data_pipeline] [INFO] [2026-04-16 06:01:59]: ℹ Running targets pipeline for Ambient Weather Sensors...
[SWMadagascar_Climate_Data_pipeline] [INFO] [2026-04-16 06:02:00]: ℹ SWMadagascar_Climate_Data_pipeline
[SWMadagascar_Climate_Data_pipeline] [INFO] [2026-04-16 06:02:37]: ✔ Ambient Weather Sensors pipeline completed.
[SWMadagascar_Climate_Data_pipeline] [INFO] [2026-04-16 06:02:37]: ℹ SWMadagascar_Climate_Data_pipeline
[SWMadagascar_Climate_Data_pipeline] [INFO] [2026-04-16 06:02:37]: ℹ Updating Raw File List...
[SWMadagascar_Climate_Data_pipeline] [INFO] [2026-04-16 06:02:37]: ℹ SWMadagascar_Climate_Data_pipeline
[SWMadagascar_Climate_Data_pipeline] [INFO] [2026-04-16 06:03:05]: ✔ SWMadagascar_Climate_Data_pipeline completed.
[SWMadagascar_Climate_Data_pipeline] [INFO] [2026-04-16 06:03:05]: ℹ SWMadagascar_Climate_Data_pipeline
[SWMadagascar_Climate_Data_pipeline] [INFO] [2026-04-17 06:00:45]: ℹ Running SWMadagascar_Climate_Data_pipeline...
[SWMadagascar_Climate_Data_pipeline] [INFO] [2026-04-17 06:00:45]: ℹ SWMadagascar_Climate_Data_pipeline
[SWMadagascar_Climate_Data_pipeline] [INFO] [2026-04-17 06:00:45]: ! Invalidating weather_data_update target to trigger pipeline rerun...
[SWMadagascar_Climate_Data_pipeline] [INFO] [2026-04-17 06:00:45]: ℹ SWMadagascar_Climate_Data_pipeline
[SWMadagascar_Climate_Data_pipeline] [INFO] [2026-04-17 06:00:46]: ℹ Running targets pipeline for Ambient Weather Sensors...
[SWMadagascar_Climate_Data_pipeline] [INFO] [2026-04-17 06:00:46]: ℹ SWMadagascar_Climate_Data_pipeline
[SWMadagascar_Climate_Data_pipeline] [INFO] [2026-04-17 06:01:10]: ✔ Ambient Weather Sensors pipeline completed.
[SWMadagascar_Climate_Data_pipeline] [INFO] [2026-04-17 06:01:10]: ℹ SWMadagascar_Climate_Data_pipeline
[SWMadagascar_Climate_Data_pipeline] [INFO] [2026-04-17 06:01:10]: ℹ Updating Raw File List...
[SWMadagascar_Climate_Data_pipeline] [INFO] [2026-04-17 06:01:10]: ℹ SWMadagascar_Climate_Data_pipeline
[SWMadagascar_Climate_Data_pipeline] [INFO] [2026-04-17 06:01:21]: ✔ SWMadagascar_Climate_Data_pipeline completed.
[SWMadagascar_Climate_Data_pipeline] [INFO] [2026-04-17 06:01:21]: ℹ SWMadagascar_Climate_Data_pipeline
[SWMadagascar_Climate_Data_pipeline] [INFO] [2026-04-20 06:01:27]: ℹ Running SWMadagascar_Climate_Data_pipeline...
[SWMadagascar_Climate_Data_pipeline] [INFO] [2026-04-20 06:01:28]: ℹ SWMadagascar_Climate_Data_pipeline
[SWMadagascar_Climate_Data_pipeline] [INFO] [2026-04-20 06:01:28]: ! Invalidating weather_data_update target to trigger pipeline rerun...
[SWMadagascar_Climate_Data_pipeline] [INFO] [2026-04-20 06:01:28]: ℹ SWMadagascar_Climate_Data_pipeline
[SWMadagascar_Climate_Data_pipeline] [INFO] [2026-04-20 06:01:31]: ℹ Running targets pipeline for Ambient Weather Sensors...
[SWMadagascar_Climate_Data_pipeline] [INFO] [2026-04-20 06:01:31]: ℹ SWMadagascar_Climate_Data_pipeline
[SWMadagascar_Climate_Data_pipeline] [INFO] [2026-04-20 06:02:17]: ✔ Ambient Weather Sensors pipeline completed.
[SWMadagascar_Climate_Data_pipeline] [INFO] [2026-04-20 06:02:17]: ℹ SWMadagascar_Climate_Data_pipeline
[SWMadagascar_Climate_Data_pipeline] [INFO] [2026-04-20 06:02:17]: ℹ Updating Raw File List...
[SWMadagascar_Climate_Data_pipeline] [INFO] [2026-04-20 06:02:17]: ℹ SWMadagascar_Climate_Data_pipeline
[SWMadagascar_Climate_Data_pipeline] [INFO] [2026-04-20 06:02:39]: ✔ SWMadagascar_Climate_Data_pipeline completed.
[SWMadagascar_Climate_Data_pipeline] [INFO] [2026-04-20 06:02:39]: ℹ SWMadagascar_Climate_Data_pipeline
